// Jest Snapshot v1, https://goo.gl/fbAQLP

exports[`CBRFCurrencyAPI getRates should retrive currency codes 1`] = `[Function]`;

exports[`CBRFCurrencyAPI getRates should retrive currency codes 2`] = `
Array [
  CurrencyRate {
    "from": "USD",
    "providerId": "CBRF",
    "rate": 28.62,
    "to": "RUB",
    "validFrom": "2001-03-08",
  },
  CurrencyRate {
    "from": "USD",
    "providerId": "CBRF",
    "rate": 28.62,
    "to": "RUB",
    "validFrom": "2001-03-12",
  },
  CurrencyRate {
    "from": "USD",
    "providerId": "CBRF",
    "rate": 28.67,
    "to": "RUB",
    "validFrom": "2001-03-13",
  },
  CurrencyRate {
    "from": "USD",
    "providerId": "CBRF",
    "rate": 28.65,
    "to": "RUB",
    "validFrom": "2001-03-14",
  },
]
`;
